com\springboot\SpringBackend\config\SecurityConfig.class
com\springboot\SpringBackend\model\Vehicle.class
com\springboot\SpringBackend\config\SwaggerConfig.class
com\springboot\SpringBackend\repository\ImageRepo.class
com\springboot\SpringBackend\model\Person$personType.class
com\springboot\SpringBackend\controller\UserController.class
com\springboot\SpringBackend\model\RabbitFeature.class
com\springboot\SpringBackend\controller\HomeController.class
com\springboot\SpringBackend\service\PersonServiceImpl.class
com\springboot\SpringBackend\service\ImageServiceImpl.class
com\springboot\SpringBackend\rabbit\RabbitConsumer.class
com\springboot\SpringBackend\model\SessionModel.class
com\springboot\SpringBackend\service\MailerService$1.class
com\springboot\SpringBackend\model\RabbitPerson.class
com\springboot\SpringBackend\service\TwillioSender.class
com\springboot\SpringBackend\controller\VehicleController.class
com\springboot\SpringBackend\service\UserServiceImpl.class
com\springboot\SpringBackend\exception\ResourceNotFoundException.class
com\springboot\SpringBackend\service\SmsSender.class
com\springboot\SpringBackend\model\Face.class
com\springboot\SpringBackend\model\Notification$notificationType.class
com\springboot\SpringBackend\service\VehicleServiceImpl.class
com\springboot\SpringBackend\service\UserService.class
com\springboot\SpringBackend\config\TwillioConfig.class
com\springboot\SpringBackend\model\Image.class
com\springboot\SpringBackend\config\TwillioInit.class
com\springboot\SpringBackend\repository\NotificationRepo.class
com\springboot\SpringBackend\model\Notification.class
com\springboot\SpringBackend\repository\FaceRepo.class
com\springboot\SpringBackend\model\RabbitAlert.class
com\springboot\SpringBackend\controller\FaceController.class
com\springboot\SpringBackend\ArgusDataSource.class
com\springboot\SpringBackend\service\MailerService.class
com\springboot\SpringBackend\controller\ImageController.class
com\springboot\SpringBackend\exception\GlobalExceptionHandler.class
com\springboot\SpringBackend\config\RabbitMQConfig.class
com\springboot\SpringBackend\service\ImageService.class
com\springboot\SpringBackend\model\RabbitVehicle.class
com\springboot\SpringBackend\repository\UserRepo.class
com\springboot\SpringBackend\controller\NotificationController.class
com\springboot\SpringBackend\service\PersonService.class
com\springboot\SpringBackend\repository\VehicleRepo.class
com\springboot\SpringBackend\service\SmsService.class
com\springboot\SpringBackend\SpringBackendApplication.class
com\springboot\SpringBackend\config\LiquibaseConfig.class
com\springboot\SpringBackend\service\NotificationService.class
com\springboot\SpringBackend\service\NotificationServiceImpl.class
com\springboot\SpringBackend\model\User.class
com\springboot\SpringBackend\service\FaceServiceImpl.class
com\springboot\SpringBackend\model\Person.class
com\springboot\SpringBackend\controller\SessionController.class
com\springboot\SpringBackend\controller\MailerController.class
com\springboot\SpringBackend\service\SmsRequest.class
com\springboot\SpringBackend\controller\PersonController.class
com\springboot\SpringBackend\model\User$UserRole.class
com\springboot\SpringBackend\service\FaceService.class
com\springboot\SpringBackend\model\Vehicle$vehicleType.class
com\springboot\SpringBackend\service\VehicleService.class
com\springboot\SpringBackend\exception\ErrorDetails.class
com\springboot\SpringBackend\config\WebSocketConfig.class
com\springboot\SpringBackend\controller\SmsController.class
com\springboot\SpringBackend\repository\PersonRepo.class
com\springboot\SpringBackend\config\ApplicationConfig.class
