D:\Dev\Brad\Home-Security-System\Argus\Spring-Backend\src\main\java\com\springboot\SpringBackend\controller\SmsController.java
D:\Dev\Brad\Home-Security-System\Argus\Spring-Backend\src\main\java\com\springboot\SpringBackend\service\FaceService.java
D:\Dev\Brad\Home-Security-System\Argus\Spring-Backend\src\main\java\com\springboot\SpringBackend\model\SessionModel.java
D:\Dev\Brad\Home-Security-System\Argus\Spring-Backend\src\main\java\com\springboot\SpringBackend\config\WebSocketConfig.java
D:\Dev\Brad\Home-Security-System\Argus\Spring-Backend\src\main\java\com\springboot\SpringBackend\model\RabbitVehicle.java
D:\Dev\Brad\Home-Security-System\Argus\Spring-Backend\src\main\java\com\springboot\SpringBackend\controller\HomeController.java
D:\Dev\Brad\Home-Security-System\Argus\Spring-Backend\src\main\java\com\springboot\SpringBackend\exception\ErrorDetails.java
D:\Dev\Brad\Home-Security-System\Argus\Spring-Backend\src\main\java\com\springboot\SpringBackend\model\RabbitAlert.java
D:\Dev\Brad\Home-Security-System\Argus\Spring-Backend\src\main\java\com\springboot\SpringBackend\service\FaceServiceImpl.java
D:\Dev\Brad\Home-Security-System\Argus\Spring-Backend\src\main\java\com\springboot\SpringBackend\service\NotificationService.java
D:\Dev\Brad\Home-Security-System\Argus\Spring-Backend\src\main\java\com\springboot\SpringBackend\service\VehicleService.java
D:\Dev\Brad\Home-Security-System\Argus\Spring-Backend\src\main\java\com\springboot\SpringBackend\config\ApplicationConfig.java
D:\Dev\Brad\Home-Security-System\Argus\Spring-Backend\src\main\java\com\springboot\SpringBackend\controller\NotificationController.java
D:\Dev\Brad\Home-Security-System\Argus\Spring-Backend\src\main\java\com\springboot\SpringBackend\model\RabbitFeature.java
D:\Dev\Brad\Home-Security-System\Argus\Spring-Backend\src\main\java\com\springboot\SpringBackend\model\Image.java
D:\Dev\Brad\Home-Security-System\Argus\Spring-Backend\src\main\java\com\springboot\SpringBackend\controller\SessionController.java
D:\Dev\Brad\Home-Security-System\Argus\Spring-Backend\src\main\java\com\springboot\SpringBackend\repository\ImageRepo.java
D:\Dev\Brad\Home-Security-System\Argus\Spring-Backend\src\main\java\com\springboot\SpringBackend\service\ImageServiceImpl.java
D:\Dev\Brad\Home-Security-System\Argus\Spring-Backend\src\main\java\com\springboot\SpringBackend\repository\VehicleRepo.java
D:\Dev\Brad\Home-Security-System\Argus\Spring-Backend\src\main\java\com\springboot\SpringBackend\config\LiquibaseConfig.java
D:\Dev\Brad\Home-Security-System\Argus\Spring-Backend\src\main\java\com\springboot\SpringBackend\model\Person.java
D:\Dev\Brad\Home-Security-System\Argus\Spring-Backend\src\main\java\com\springboot\SpringBackend\model\Face.java
D:\Dev\Brad\Home-Security-System\Argus\Spring-Backend\src\main\java\com\springboot\SpringBackend\repository\PersonRepo.java
D:\Dev\Brad\Home-Security-System\Argus\Spring-Backend\src\main\java\com\springboot\SpringBackend\service\NotificationServiceImpl.java
D:\Dev\Brad\Home-Security-System\Argus\Spring-Backend\src\main\java\com\springboot\SpringBackend\service\TwillioSender.java
D:\Dev\Brad\Home-Security-System\Argus\Spring-Backend\src\main\java\com\springboot\SpringBackend\controller\UserController.java
D:\Dev\Brad\Home-Security-System\Argus\Spring-Backend\src\main\java\com\springboot\SpringBackend\model\Notification.java
D:\Dev\Brad\Home-Security-System\Argus\Spring-Backend\src\main\java\com\springboot\SpringBackend\model\User.java
D:\Dev\Brad\Home-Security-System\Argus\Spring-Backend\src\main\java\com\springboot\SpringBackend\service\UserService.java
D:\Dev\Brad\Home-Security-System\Argus\Spring-Backend\src\main\java\com\springboot\SpringBackend\controller\PersonController.java
D:\Dev\Brad\Home-Security-System\Argus\Spring-Backend\src\main\java\com\springboot\SpringBackend\exception\ResourceNotFoundException.java
D:\Dev\Brad\Home-Security-System\Argus\Spring-Backend\src\main\java\com\springboot\SpringBackend\model\RabbitPerson.java
D:\Dev\Brad\Home-Security-System\Argus\Spring-Backend\src\main\java\com\springboot\SpringBackend\config\TwillioInit.java
D:\Dev\Brad\Home-Security-System\Argus\Spring-Backend\src\main\java\com\springboot\SpringBackend\service\ImageService.java
D:\Dev\Brad\Home-Security-System\Argus\Spring-Backend\src\main\java\com\springboot\SpringBackend\service\SmsService.java
D:\Dev\Brad\Home-Security-System\Argus\Spring-Backend\src\main\java\com\springboot\SpringBackend\ArgusDataSource.java
D:\Dev\Brad\Home-Security-System\Argus\Spring-Backend\src\main\java\com\springboot\SpringBackend\controller\FaceController.java
D:\Dev\Brad\Home-Security-System\Argus\Spring-Backend\src\main\java\com\springboot\SpringBackend\controller\ImageController.java
D:\Dev\Brad\Home-Security-System\Argus\Spring-Backend\src\main\java\com\springboot\SpringBackend\service\VehicleServiceImpl.java
D:\Dev\Brad\Home-Security-System\Argus\Spring-Backend\src\main\java\com\springboot\SpringBackend\service\PersonService.java
D:\Dev\Brad\Home-Security-System\Argus\Spring-Backend\src\main\java\com\springboot\SpringBackend\SpringBackendApplication.java
D:\Dev\Brad\Home-Security-System\Argus\Spring-Backend\src\main\java\com\springboot\SpringBackend\config\RabbitMQConfig.java
D:\Dev\Brad\Home-Security-System\Argus\Spring-Backend\src\main\java\com\springboot\SpringBackend\exception\GlobalExceptionHandler.java
D:\Dev\Brad\Home-Security-System\Argus\Spring-Backend\src\main\java\com\springboot\SpringBackend\controller\VehicleController.java
D:\Dev\Brad\Home-Security-System\Argus\Spring-Backend\src\main\java\com\springboot\SpringBackend\repository\FaceRepo.java
D:\Dev\Brad\Home-Security-System\Argus\Spring-Backend\src\main\java\com\springboot\SpringBackend\repository\UserRepo.java
D:\Dev\Brad\Home-Security-System\Argus\Spring-Backend\src\main\java\com\springboot\SpringBackend\config\SecurityConfig.java
D:\Dev\Brad\Home-Security-System\Argus\Spring-Backend\src\main\java\com\springboot\SpringBackend\service\UserServiceImpl.java
D:\Dev\Brad\Home-Security-System\Argus\Spring-Backend\src\main\java\com\springboot\SpringBackend\model\Vehicle.java
D:\Dev\Brad\Home-Security-System\Argus\Spring-Backend\src\main\java\com\springboot\SpringBackend\rabbit\RabbitConsumer.java
D:\Dev\Brad\Home-Security-System\Argus\Spring-Backend\src\main\java\com\springboot\SpringBackend\service\MailerService.java
D:\Dev\Brad\Home-Security-System\Argus\Spring-Backend\src\main\java\com\springboot\SpringBackend\controller\MailerController.java
D:\Dev\Brad\Home-Security-System\Argus\Spring-Backend\src\main\java\com\springboot\SpringBackend\config\SwaggerConfig.java
D:\Dev\Brad\Home-Security-System\Argus\Spring-Backend\src\main\java\com\springboot\SpringBackend\repository\NotificationRepo.java
D:\Dev\Brad\Home-Security-System\Argus\Spring-Backend\src\main\java\com\springboot\SpringBackend\service\PersonServiceImpl.java
D:\Dev\Brad\Home-Security-System\Argus\Spring-Backend\src\main\java\com\springboot\SpringBackend\service\SmsRequest.java
D:\Dev\Brad\Home-Security-System\Argus\Spring-Backend\src\main\java\com\springboot\SpringBackend\config\TwillioConfig.java
D:\Dev\Brad\Home-Security-System\Argus\Spring-Backend\src\main\java\com\springboot\SpringBackend\service\SmsSender.java
