D:\Dev\Brad\Home-Security-System\Argus\Spring-Backend\src\test\java\com\springboot\SpringBackend\controllerTest\UserControllerTest.java
D:\Dev\Brad\Home-Security-System\Argus\Spring-Backend\src\test\java\com\springboot\SpringBackend\repoTest\NotificationRepoTest.java
D:\Dev\Brad\Home-Security-System\Argus\Spring-Backend\src\test\java\com\springboot\SpringBackend\MailSendTest.java
D:\Dev\Brad\Home-Security-System\Argus\Spring-Backend\src\test\java\com\springboot\SpringBackend\controllerTest\FaceControllerTest.java
D:\Dev\Brad\Home-Security-System\Argus\Spring-Backend\src\test\java\com\springboot\SpringBackend\repoTest\ImageRepoTest.java
D:\Dev\Brad\Home-Security-System\Argus\Spring-Backend\src\test\java\com\springboot\SpringBackend\controllerTest\VehicleControllerTest.java
D:\Dev\Brad\Home-Security-System\Argus\Spring-Backend\src\test\java\com\springboot\SpringBackend\repoTest\UserRepoTest.java
D:\Dev\Brad\Home-Security-System\Argus\Spring-Backend\src\test\java\com\springboot\SpringBackend\repoTest\FaceRepoTest.java
D:\Dev\Brad\Home-Security-System\Argus\Spring-Backend\src\test\java\com\springboot\SpringBackend\repoTest\VehicleRepoTest.java
D:\Dev\Brad\Home-Security-System\Argus\Spring-Backend\src\test\java\com\springboot\SpringBackend\controllerTest\NotificationControllerTest.java
D:\Dev\Brad\Home-Security-System\Argus\Spring-Backend\src\test\java\com\springboot\SpringBackend\SpringBackendApplicationTests.java
D:\Dev\Brad\Home-Security-System\Argus\Spring-Backend\src\test\java\com\springboot\SpringBackend\repoTest\PersonRepoTest.java
D:\Dev\Brad\Home-Security-System\Argus\Spring-Backend\src\test\java\com\springboot\SpringBackend\controllerTest\PersonControllerTest.java
D:\Dev\Brad\Home-Security-System\Argus\Spring-Backend\src\test\java\com\springboot\SpringBackend\controllerTest\ImageControllerTest.java
